Testing insert...
Insert result: {
  insertData: null,
  insertError: {
    code: 'PGRST204',
    details: null,
    hint: null,
    message: "Could not find the 'duration_ms' column of 'api_usage_logs' in the schema cache"
  }
}
